###############################################################################
#
# IAR ELF Linker V7.10.1.6676/W32 for ARM                 22/May/2019  20:17:20
# Copyright 2007-2014 IAR Systems AB.
#
#    Output file  =  
#        D:\WAVESHARE_STM32_IAR_DEV\Open429I-C-Demo-Iar\Projects\LedDotMatrix\Max7219Driver\EWARM\Max7219Driver\Exe\Max7219Driver.out
#    Map file     =  
#        D:\WAVESHARE_STM32_IAR_DEV\Open429I-C-Demo-Iar\Projects\LedDotMatrix\Max7219Driver\EWARM\Max7219Driver/List\Max7219Driver.map
#    Command line =  
#        D:\WAVESHARE_STM32_IAR_DEV\Open429I-C-Demo-Iar\Projects\LedDotMatrix\Max7219Driver\EWARM\Max7219Driver\Obj\main.o
#        D:\WAVESHARE_STM32_IAR_DEV\Open429I-C-Demo-Iar\Projects\LedDotMatrix\Max7219Driver\EWARM\Max7219Driver\Obj\max7219.o
#        D:\WAVESHARE_STM32_IAR_DEV\Open429I-C-Demo-Iar\Projects\LedDotMatrix\Max7219Driver\EWARM\Max7219Driver\Obj\startup_stm32f429xx.o
#        D:\WAVESHARE_STM32_IAR_DEV\Open429I-C-Demo-Iar\Projects\LedDotMatrix\Max7219Driver\EWARM\Max7219Driver\Obj\stm32f4xx_hal.o
#        D:\WAVESHARE_STM32_IAR_DEV\Open429I-C-Demo-Iar\Projects\LedDotMatrix\Max7219Driver\EWARM\Max7219Driver\Obj\stm32f4xx_hal_cortex.o
#        D:\WAVESHARE_STM32_IAR_DEV\Open429I-C-Demo-Iar\Projects\LedDotMatrix\Max7219Driver\EWARM\Max7219Driver\Obj\stm32f4xx_hal_dma.o
#        D:\WAVESHARE_STM32_IAR_DEV\Open429I-C-Demo-Iar\Projects\LedDotMatrix\Max7219Driver\EWARM\Max7219Driver\Obj\stm32f4xx_hal_dma_ex.o
#        D:\WAVESHARE_STM32_IAR_DEV\Open429I-C-Demo-Iar\Projects\LedDotMatrix\Max7219Driver\EWARM\Max7219Driver\Obj\stm32f4xx_hal_flash.o
#        D:\WAVESHARE_STM32_IAR_DEV\Open429I-C-Demo-Iar\Projects\LedDotMatrix\Max7219Driver\EWARM\Max7219Driver\Obj\stm32f4xx_hal_flash_ex.o
#        D:\WAVESHARE_STM32_IAR_DEV\Open429I-C-Demo-Iar\Projects\LedDotMatrix\Max7219Driver\EWARM\Max7219Driver\Obj\stm32f4xx_hal_flash_ramfunc.o
#        D:\WAVESHARE_STM32_IAR_DEV\Open429I-C-Demo-Iar\Projects\LedDotMatrix\Max7219Driver\EWARM\Max7219Driver\Obj\stm32f4xx_hal_gpio.o
#        D:\WAVESHARE_STM32_IAR_DEV\Open429I-C-Demo-Iar\Projects\LedDotMatrix\Max7219Driver\EWARM\Max7219Driver\Obj\stm32f4xx_hal_msp.o
#        D:\WAVESHARE_STM32_IAR_DEV\Open429I-C-Demo-Iar\Projects\LedDotMatrix\Max7219Driver\EWARM\Max7219Driver\Obj\stm32f4xx_hal_pwr.o
#        D:\WAVESHARE_STM32_IAR_DEV\Open429I-C-Demo-Iar\Projects\LedDotMatrix\Max7219Driver\EWARM\Max7219Driver\Obj\stm32f4xx_hal_pwr_ex.o
#        D:\WAVESHARE_STM32_IAR_DEV\Open429I-C-Demo-Iar\Projects\LedDotMatrix\Max7219Driver\EWARM\Max7219Driver\Obj\stm32f4xx_hal_rcc.o
#        D:\WAVESHARE_STM32_IAR_DEV\Open429I-C-Demo-Iar\Projects\LedDotMatrix\Max7219Driver\EWARM\Max7219Driver\Obj\stm32f4xx_hal_rcc_ex.o
#        D:\WAVESHARE_STM32_IAR_DEV\Open429I-C-Demo-Iar\Projects\LedDotMatrix\Max7219Driver\EWARM\Max7219Driver\Obj\stm32f4xx_hal_tim.o
#        D:\WAVESHARE_STM32_IAR_DEV\Open429I-C-Demo-Iar\Projects\LedDotMatrix\Max7219Driver\EWARM\Max7219Driver\Obj\stm32f4xx_hal_tim_ex.o
#        D:\WAVESHARE_STM32_IAR_DEV\Open429I-C-Demo-Iar\Projects\LedDotMatrix\Max7219Driver\EWARM\Max7219Driver\Obj\stm32f4xx_it.o
#        D:\WAVESHARE_STM32_IAR_DEV\Open429I-C-Demo-Iar\Projects\LedDotMatrix\Max7219Driver\EWARM\Max7219Driver\Obj\system_stm32f4xx.o
#        --redirect _Printf=_PrintfFull --redirect _Scanf=_ScanfFull -o
#        D:\WAVESHARE_STM32_IAR_DEV\Open429I-C-Demo-Iar\Projects\LedDotMatrix\Max7219Driver\EWARM\Max7219Driver\Exe\Max7219Driver.out
#        --map
#        D:\WAVESHARE_STM32_IAR_DEV\Open429I-C-Demo-Iar\Projects\LedDotMatrix\Max7219Driver\EWARM\Max7219Driver/List\Max7219Driver.map
#        --config
#        D:\WAVESHARE_STM32_IAR_DEV\Open429I-C-Demo-Iar\Projects\LedDotMatrix\Max7219Driver\EWARM/stm32f429xx_flash.icf
#        --semihosting --entry __iar_program_start --vfe
#
###############################################################################

*******************************************************************************
*** RUNTIME MODEL ATTRIBUTES
***

CppFlavor       = *
__SystemLibrary = DLib


*******************************************************************************
*** PLACEMENT SUMMARY
***

"A1":  place at 0x08000000 { ro section .intvec };
"P1":  place in [from 0x08000000 to 0x081fffff] { ro };
"P2":  place in [from 0x20000000 to 0x2002ffff] { rw, block CSTACK, block HEAP };

  Section            Kind        Address   Size  Object
  -------            ----        -------   ----  ------
"A1":                                     0x1ac
  .intvec            ro code  0x08000000  0x1ac  startup_stm32f429xx.o [1]
                            - 0x080001ac  0x1ac

"P1":                                     0xfac
  .text              ro code  0x080001ac  0x434  stm32f4xx_hal_rcc.o [1]
  .text              ro code  0x080005e0   0xac  stm32f4xx_hal.o [1]
  .text              ro code  0x0800068c   0xee  I64DivMod.o [5]
  .text              ro code  0x0800077a   0x2e  copy_init3.o [5]
  .text              ro code  0x080007a8   0xde  stm32f4xx_hal_cortex.o [1]
  .text              ro code  0x08000886   0x60  stm32f4xx_hal_msp.o [1]
  .text              ro code  0x080008e8    0x2  I64DivZer.o [5]
  .text              ro code  0x080008ec  0x1fc  max7219.o [1]
  .text              ro code  0x08000ae8  0x1f0  stm32f4xx_hal_gpio.o [1]
  .text              ro code  0x08000cd8  0x158  main.o [1]
  .text              ro code  0x08000e30   0x78  stm32f4xx_hal_pwr_ex.o [1]
  .text              ro code  0x08000ea8   0x60  system_stm32f4xx.o [1]
  .text              ro code  0x08000f08   0x28  data_init.o [5]
  .iar.init_table    const    0x08000f30   0x14  - Linker created -
  .text              ro code  0x08000f44   0x1e  stm32f4xx_it.o [1]
  .text              ro code  0x08000f64   0x1a  fpinit_M.o [4]
  .text              ro code  0x08000f80   0x1a  cmain.o [5]
  .text              ro code  0x08000f9a    0x4  low_level_init.o [3]
  .text              ro code  0x08000f9e    0x4  exit.o [3]
  .text              ro code  0x08000fa4    0xa  cexit.o [5]
  .text              ro code  0x08000fb0   0x14  exit.o [6]
  .text              ro code  0x08000fc4   0x10  startup_stm32f429xx.o [1]
  .text              ro code  0x08000fd4    0xc  cstartup_M.o [5]
  .text              ro code  0x08000fe0    0x4  startup_stm32f429xx.o [1]
  .text              ro code  0x08000fe4    0x4  startup_stm32f429xx.o [1]
  .text              ro code  0x08000fe8    0x4  startup_stm32f429xx.o [1]
  .text              ro code  0x08000fec    0x4  startup_stm32f429xx.o [1]
  .text              ro code  0x08000ff0    0x4  startup_stm32f429xx.o [1]
  .text              ro code  0x08000ff4    0x4  startup_stm32f429xx.o [1]
  .text              ro code  0x08000ff8    0x4  startup_stm32f429xx.o [1]
  .text              ro code  0x08000ffc    0x4  startup_stm32f429xx.o [1]
  .text              ro code  0x08001000    0x4  startup_stm32f429xx.o [1]
  .text              ro code  0x08001004    0x4  startup_stm32f429xx.o [1]
  .text              ro code  0x08001008    0x4  startup_stm32f429xx.o [1]
  .text              ro code  0x0800100c    0x4  startup_stm32f429xx.o [1]
  .text              ro code  0x08001010    0x4  startup_stm32f429xx.o [1]
  .text              ro code  0x08001014    0x4  startup_stm32f429xx.o [1]
  .text              ro code  0x08001018    0x4  startup_stm32f429xx.o [1]
  .text              ro code  0x0800101c    0x4  startup_stm32f429xx.o [1]
  .text              ro code  0x08001020    0x4  startup_stm32f429xx.o [1]
  .text              ro code  0x08001024    0x4  startup_stm32f429xx.o [1]
  .text              ro code  0x08001028    0x4  startup_stm32f429xx.o [1]
  .text              ro code  0x0800102c    0x4  startup_stm32f429xx.o [1]
  .text              ro code  0x08001030    0x4  startup_stm32f429xx.o [1]
  .text              ro code  0x08001034    0x4  startup_stm32f429xx.o [1]
  .text              ro code  0x08001038    0x4  startup_stm32f429xx.o [1]
  .text              ro code  0x0800103c    0x4  startup_stm32f429xx.o [1]
  .text              ro code  0x08001040    0x4  startup_stm32f429xx.o [1]
  .text              ro code  0x08001044    0x4  startup_stm32f429xx.o [1]
  .text              ro code  0x08001048    0x4  startup_stm32f429xx.o [1]
  .text              ro code  0x0800104c    0x4  startup_stm32f429xx.o [1]
  .text              ro code  0x08001050    0x4  startup_stm32f429xx.o [1]
  .text              ro code  0x08001054    0x4  startup_stm32f429xx.o [1]
  .text              ro code  0x08001058    0x4  startup_stm32f429xx.o [1]
  .text              ro code  0x0800105c    0x4  startup_stm32f429xx.o [1]
  .text              ro code  0x08001060    0x4  startup_stm32f429xx.o [1]
  .text              ro code  0x08001064    0x4  startup_stm32f429xx.o [1]
  .text              ro code  0x08001068    0x4  startup_stm32f429xx.o [1]
  .text              ro code  0x0800106c    0x4  startup_stm32f429xx.o [1]
  .text              ro code  0x08001070    0x4  startup_stm32f429xx.o [1]
  .text              ro code  0x08001074    0x4  startup_stm32f429xx.o [1]
  .text              ro code  0x08001078    0x4  startup_stm32f429xx.o [1]
  .text              ro code  0x0800107c    0x4  startup_stm32f429xx.o [1]
  .text              ro code  0x08001080    0x4  startup_stm32f429xx.o [1]
  .text              ro code  0x08001084    0x4  startup_stm32f429xx.o [1]
  .text              ro code  0x08001088    0x4  startup_stm32f429xx.o [1]
  .text              ro code  0x0800108c    0x4  startup_stm32f429xx.o [1]
  .text              ro code  0x08001090    0x4  startup_stm32f429xx.o [1]
  .text              ro code  0x08001094    0x4  startup_stm32f429xx.o [1]
  .text              ro code  0x08001098    0x4  startup_stm32f429xx.o [1]
  .text              ro code  0x0800109c    0x4  startup_stm32f429xx.o [1]
  .text              ro code  0x080010a0    0x4  startup_stm32f429xx.o [1]
  .text              ro code  0x080010a4    0x4  startup_stm32f429xx.o [1]
  .text              ro code  0x080010a8    0x4  startup_stm32f429xx.o [1]
  .text              ro code  0x080010ac    0x4  startup_stm32f429xx.o [1]
  .text              ro code  0x080010b0    0x4  startup_stm32f429xx.o [1]
  .text              ro code  0x080010b4    0x4  startup_stm32f429xx.o [1]
  .text              ro code  0x080010b8    0x4  startup_stm32f429xx.o [1]
  .text              ro code  0x080010bc    0x4  startup_stm32f429xx.o [1]
  .text              ro code  0x080010c0    0x4  startup_stm32f429xx.o [1]
  .text              ro code  0x080010c4    0x4  startup_stm32f429xx.o [1]
  .text              ro code  0x080010c8    0x4  startup_stm32f429xx.o [1]
  .text              ro code  0x080010cc    0x4  startup_stm32f429xx.o [1]
  .text              ro code  0x080010d0    0x4  startup_stm32f429xx.o [1]
  .text              ro code  0x080010d4    0x4  startup_stm32f429xx.o [1]
  .text              ro code  0x080010d8    0x4  startup_stm32f429xx.o [1]
  .text              ro code  0x080010dc    0x4  startup_stm32f429xx.o [1]
  .text              ro code  0x080010e0    0x4  startup_stm32f429xx.o [1]
  .text              ro code  0x080010e4    0x4  startup_stm32f429xx.o [1]
  .text              ro code  0x080010e8    0x4  startup_stm32f429xx.o [1]
  .text              ro code  0x080010ec    0x4  startup_stm32f429xx.o [1]
  .text              ro code  0x080010f0    0x4  startup_stm32f429xx.o [1]
  .text              ro code  0x080010f4    0x4  startup_stm32f429xx.o [1]
  .text              ro code  0x080010f8    0x4  startup_stm32f429xx.o [1]
  .text              ro code  0x080010fc    0x4  startup_stm32f429xx.o [1]
  .text              ro code  0x08001100    0x4  startup_stm32f429xx.o [1]
  .text              ro code  0x08001104    0x4  startup_stm32f429xx.o [1]
  .text              ro code  0x08001108    0x4  startup_stm32f429xx.o [1]
  .text              ro code  0x0800110c    0x4  startup_stm32f429xx.o [1]
  .text              ro code  0x08001110    0x4  startup_stm32f429xx.o [1]
  .text              ro code  0x08001114    0x4  startup_stm32f429xx.o [1]
  .text              ro code  0x08001118    0x4  startup_stm32f429xx.o [1]
  .text              ro code  0x0800111c    0x4  startup_stm32f429xx.o [1]
  .text              ro code  0x08001120    0x4  startup_stm32f429xx.o [1]
  .text              ro code  0x08001124    0x4  startup_stm32f429xx.o [1]
  .text              ro code  0x08001128    0x4  startup_stm32f429xx.o [1]
  .text              ro code  0x0800112c    0x4  startup_stm32f429xx.o [1]
  .text              ro code  0x08001130    0x4  startup_stm32f429xx.o [1]
  .text              ro code  0x08001134    0x4  startup_stm32f429xx.o [1]
  .text              ro code  0x08001138    0x4  startup_stm32f429xx.o [1]
  .text              ro code  0x0800113c    0x4  startup_stm32f429xx.o [1]
  .text              ro code  0x08001140    0x4  startup_stm32f429xx.o [1]
  .text              ro code  0x08001144    0x4  startup_stm32f429xx.o [1]
  .rodata            const    0x08001148    0x0  copy_init3.o [5]
  Initializer bytes  ro data  0x08001148   0x10  <for P2 s0>
                            - 0x08001158  0xfac

"P2", part 1 of 2:                         0x10
  P2 s0                       0x20000000   0x10  <Init block>
    .data            inited   0x20000000    0xc  stm32f4xx_hal.o [1]
    .data            inited   0x2000000c    0x4  system_stm32f4xx.o [1]
                            - 0x20000010   0x10

"P2", part 2 of 2:                        0x400
  CSTACK                      0x20000010  0x400  <Block>
    CSTACK           uninit   0x20000010  0x400  <Block tail>
                            - 0x20000410  0x400


*******************************************************************************
*** INIT TABLE
***

          Address     Size
          -------     ----
Copy (__iar_copy_init3)
    1 source range, total size 0x10:
          0x08001148  0x10
    1 destination range, total size 0x10:
          0x20000000  0x10



*******************************************************************************
*** MODULE SUMMARY
***

    Module                  ro code  ro data  rw data
    ------                  -------  -------  -------
D:\WAVESHARE_STM32_IAR_DEV\Open429I-C-Demo-Iar\Projects\LedDotMatrix\Max7219Driver\EWARM\Max7219Driver\Obj: [1]
    main.o                      344
    max7219.o                   508
    startup_stm32f429xx.o       804
    stm32f4xx_hal.o             172       12       12
    stm32f4xx_hal_cortex.o      222
    stm32f4xx_hal_gpio.o        496
    stm32f4xx_hal_msp.o          96
    stm32f4xx_hal_pwr_ex.o      120
    stm32f4xx_hal_rcc.o       1 076
    stm32f4xx_it.o               30
    system_stm32f4xx.o           96        4        4
    -------------------------------------------------
    Total:                    3 964       16       16

command line: [2]
    -------------------------------------------------
    Total:

dl7M_tlf.a: [3]
    exit.o                        4
    low_level_init.o              4
    -------------------------------------------------
    Total:                        8

m7M_tlv.a: [4]
    fpinit_M.o                   26
    -------------------------------------------------
    Total:                       26

rt7M_tl.a: [5]
    I64DivMod.o                 238
    I64DivZer.o                   2
    cexit.o                      10
    cmain.o                      26
    copy_init3.o                 46
    cstartup_M.o                 12
    data_init.o                  40
    -------------------------------------------------
    Total:                      374

shb_l.a: [6]
    exit.o                       20
    -------------------------------------------------
    Total:                       20

    Gaps                         12
    Linker created                        20    1 024
-----------------------------------------------------
    Grand Total:              4 404       36    1 040


*******************************************************************************
*** ENTRY LIST
***

Entry                      Address   Size  Type      Object
-----                      -------   ----  ----      ------
?main                   0x08000f81         Code  Gb  cmain.o [5]
AHBPrescTable           0x08000ef8   0x10  Data  Gb  system_stm32f4xx.o [1]
BusFault_Handler        0x08000f4b    0x2  Code  Gb  stm32f4xx_it.o [1]
CSTACK$$Base            0x20000010          --   Gb  - Linker created -
CSTACK$$Limit           0x20000410          --   Gb  - Linker created -
DebugMon_Handler        0x08000f51    0x2  Code  Gb  stm32f4xx_it.o [1]
HAL_Delay               0x0800065d   0x22  Code  Wk  stm32f4xx_hal.o [1]
HAL_GPIO_Init           0x08000ae9  0x1b4  Code  Gb  stm32f4xx_hal_gpio.o [1]
HAL_GPIO_WritePin       0x08000c9d    0x8  Code  Gb  stm32f4xx_hal_gpio.o [1]
HAL_GetTick             0x08000657    0x6  Code  Wk  stm32f4xx_hal.o [1]
HAL_IncTick             0x08000649    0xe  Code  Wk  stm32f4xx_hal.o [1]
HAL_Init                0x080005e1   0x30  Code  Gb  stm32f4xx_hal.o [1]
HAL_InitTick            0x08000611   0x38  Code  Wk  stm32f4xx_hal.o [1]
HAL_MspInit             0x08000887   0x60  Code  Gb  stm32f4xx_hal_msp.o [1]
HAL_NVIC_SetPriority    0x080007e7   0x42  Code  Gb  stm32f4xx_hal_cortex.o [1]
HAL_NVIC_SetPriorityGrouping
                        0x080007cd   0x1a  Code  Gb  stm32f4xx_hal_cortex.o [1]
HAL_PWREx_EnableOverDrive
                        0x08000e31   0x46  Code  Gb  stm32f4xx_hal_pwr_ex.o [1]
HAL_RCC_ClockConfig     0x0800045b  0x10a  Code  Gb  stm32f4xx_hal_rcc.o [1]
HAL_RCC_GetHCLKFreq     0x080005b1    0x6  Code  Gb  stm32f4xx_hal_rcc.o [1]
HAL_RCC_GetSysClockFreq
                        0x08000565   0x4c  Code  Wk  stm32f4xx_hal_rcc.o [1]
HAL_RCC_OscConfig       0x080001ad  0x2a6  Code  Wk  stm32f4xx_hal_rcc.o [1]
HAL_SYSTICK_CLKSourceConfig
                        0x08000851   0x14  Code  Gb  stm32f4xx_hal_cortex.o [1]
HAL_SYSTICK_Callback    0x08000885    0x2  Code  Wk  stm32f4xx_hal_cortex.o [1]
HAL_SYSTICK_Config      0x08000829   0x28  Code  Gb  stm32f4xx_hal_cortex.o [1]
HAL_SYSTICK_IRQHandler  0x0800087d    0x8  Code  Gb  stm32f4xx_hal_cortex.o [1]
HardFault_Handler       0x08000f47    0x2  Code  Gb  stm32f4xx_it.o [1]
Max7219Init             0x08000955   0x2c  Code  Gb  max7219.o [1]
MemManage_Handler       0x08000f49    0x2  Code  Gb  stm32f4xx_it.o [1]
NMI_Handler             0x08000f45    0x2  Code  Gb  stm32f4xx_it.o [1]
NVIC_GetPriorityGrouping
                        0x080007a9    0xa  Code  Lc  stm32f4xx_hal_cortex.o [1]
NVIC_SetPriority        0x080007b3   0x1a  Code  Lc  stm32f4xx_hal_cortex.o [1]
PendSV_Handler          0x08000f53    0x2  Code  Gb  stm32f4xx_it.o [1]
Region$$Table$$Base     0x08000f30          --   Gb  - Linker created -
Region$$Table$$Limit    0x08000f44          --   Gb  - Linker created -
SVC_Handler             0x08000f4f    0x2  Code  Gb  stm32f4xx_it.o [1]
SysTick_Handler         0x08000f55    0xe  Code  Gb  stm32f4xx_it.o [1]
SystemClock_Config      0x08000d51   0xb2  Code  Gb  main.o [1]
SystemCoreClock         0x2000000c    0x4  Data  Gb  system_stm32f4xx.o [1]
SystemInit              0x08000ea9   0x3a  Code  Gb  system_stm32f4xx.o [1]
UsageFault_Handler      0x08000f4d    0x2  Code  Gb  stm32f4xx_it.o [1]
WriteByteToMax7219      0x080008ed   0x2a  Code  Gb  max7219.o [1]
WriteDataToMaximFromAdress
                        0x08000921   0x30  Code  Gb  max7219.o [1]
WriteStringToMax7219    0x08000981   0x38  Code  Gb  max7219.o [1]
__aeabi_ldiv0           0x080008e9         Code  Gb  I64DivZer.o [5]
__aeabi_uldivmod        0x0800068d         Code  Gb  I64DivMod.o [5]
__cmain                 0x08000f81         Code  Gb  cmain.o [5]
__exit                  0x08000fb1   0x14  Code  Gb  exit.o [6]
__iar_copy_init3        0x0800077b   0x2e  Code  Gb  copy_init3.o [5]
__iar_data_init3        0x08000f09   0x28  Code  Gb  data_init.o [5]
__iar_init_vfp          0x08000f65         Code  Gb  fpinit_M.o [4]
__iar_program_start     0x08000fd5         Code  Gb  cstartup_M.o [5]
__low_level_init        0x08000f9b    0x4  Code  Gb  low_level_init.o [3]
__vector_table          0x08000000         Data  Gb  startup_stm32f429xx.o [1]
_call_main              0x08000f8d         Code  Gb  cmain.o [5]
_exit                   0x08000fa5         Code  Gb  cexit.o [5]
_main                   0x08000f97         Code  Gb  cmain.o [5]
disp1ay                 0x080009b8  0x130  Data  Gb  max7219.o [1]
exit                    0x08000f9f    0x4  Code  Gb  exit.o [3]
main                    0x08000cd9   0x78  Code  Gb  main.o [1]
uwTick                  0x20000004    0x4  Data  Gb  stm32f4xx_hal.o [1]
uwTickFreq              0x20000000    0x1  Data  Gb  stm32f4xx_hal.o [1]
uwTickPrio              0x20000008    0x4  Data  Gb  stm32f4xx_hal.o [1]


[1] = D:\WAVESHARE_STM32_IAR_DEV\Open429I-C-Demo-Iar\Projects\LedDotMatrix\Max7219Driver\EWARM\Max7219Driver\Obj
[2] = command line
[3] = dl7M_tlf.a
[4] = m7M_tlv.a
[5] = rt7M_tl.a
[6] = shb_l.a

  4 404 bytes of readonly  code memory
     36 bytes of readonly  data memory
  1 040 bytes of readwrite data memory

Errors: none
Warnings: none
